[1.418s] Invoking command in '/home/ubuntu/dev/BallChase/ros2_ball_chase_ws/build/ball_chase': PYTHONPATH=/home/ubuntu/dev/BallChase/ros2_ball_chase_ws/build/ball_chase/prefix_override:/usr/lib/python3/dist-packages/colcon_core/task/python/colcon_distutils_commands:/home/ubuntu/dev/BallChase/ros2_ball_chase_ws/install/ball_chase/lib/python3.10/site-packages:${PYTHONPATH} /usr/bin/python3 -W ignore:setup.py install is deprecated -W ignore:easy_install command is deprecated setup.py develop --editable --build-directory /home/ubuntu/dev/BallChase/ros2_ball_chase_ws/build/ball_chase/build --no-deps symlink_data --force
[1.906s] running develop
[2.218s] running egg_info
[2.245s] writing ball_chase.egg-info/PKG-INFO
[2.245s] writing dependency_links to ball_chase.egg-info/dependency_links.txt
[2.246s] writing entry points to ball_chase.egg-info/entry_points.txt
[2.247s] writing requirements to ball_chase.egg-info/requires.txt
[2.248s] writing top-level names to ball_chase.egg-info/top_level.txt
[2.301s] reading manifest file 'ball_chase.egg-info/SOURCES.txt'
[2.302s] writing manifest file 'ball_chase.egg-info/SOURCES.txt'
[2.353s] running build_ext
[2.358s] Creating /home/ubuntu/dev/BallChase/ros2_ball_chase_ws/install/ball_chase/lib/python3.10/site-packages/ball-chase.egg-link (link to .)
[2.360s] Installing base_link_fusion_node script to /home/ubuntu/dev/BallChase/ros2_ball_chase_ws/install/ball_chase/lib/ball_chase
[2.360s] Installing depth_camera_node script to /home/ubuntu/dev/BallChase/ros2_ball_chase_ws/install/ball_chase/lib/ball_chase
[2.361s] Installing fusion_node script to /home/ubuntu/dev/BallChase/ros2_ball_chase_ws/install/ball_chase/lib/ball_chase
[2.361s] Installing hsv_ball_node script to /home/ubuntu/dev/BallChase/ros2_ball_chase_ws/install/ball_chase/lib/ball_chase
[2.361s] Installing lidar_node script to /home/ubuntu/dev/BallChase/ros2_ball_chase_ws/install/ball_chase/lib/ball_chase
[2.361s] Installing state_fusion_node script to /home/ubuntu/dev/BallChase/ros2_ball_chase_ws/install/ball_chase/lib/ball_chase
[2.361s] Installing yolo_ball_node script to /home/ubuntu/dev/BallChase/ros2_ball_chase_ws/install/ball_chase/lib/ball_chase
[2.361s] 
[2.361s] Installed /home/ubuntu/dev/BallChase/ros2_ball_chase_ws/build/ball_chase
[2.361s] running symlink_data
[2.361s] symbolically linking /home/ubuntu/dev/BallChase/ros2_ball_chase_ws/build/ball_chase/resource/ball_chase -> /home/ubuntu/dev/BallChase/ros2_ball_chase_ws/install/ball_chase/share/ament_index/resource_index/packages
[2.362s] symbolically linking /home/ubuntu/dev/BallChase/ros2_ball_chase_ws/build/ball_chase/package.xml -> /home/ubuntu/dev/BallChase/ros2_ball_chase_ws/install/ball_chase/share/ball_chase
[2.362s] symbolically linking /home/ubuntu/dev/BallChase/ros2_ball_chase_ws/build/ball_chase/launch/ball_chase.launch.py -> /home/ubuntu/dev/BallChase/ros2_ball_chase_ws/install/ball_chase/share/ball_chase/launch
[2.362s] symbolically linking /home/ubuntu/dev/BallChase/ros2_ball_chase_ws/build/ball_chase/config/lidar_config.yaml -> /home/ubuntu/dev/BallChase/ros2_ball_chase_ws/install/ball_chase/share/ball_chase/config
[2.362s] symbolically linking /home/ubuntu/dev/BallChase/ros2_ball_chase_ws/build/ball_chase/config/yolo_config.yaml -> /home/ubuntu/dev/BallChase/ros2_ball_chase_ws/install/ball_chase/share/ball_chase/config
[2.362s] symbolically linking /home/ubuntu/dev/BallChase/ros2_ball_chase_ws/build/ball_chase/config/depth_config.yaml -> /home/ubuntu/dev/BallChase/ros2_ball_chase_ws/install/ball_chase/share/ball_chase/config
[2.362s] symbolically linking /home/ubuntu/dev/BallChase/ros2_ball_chase_ws/build/ball_chase/config/fusion_config.yaml -> /home/ubuntu/dev/BallChase/ros2_ball_chase_ws/install/ball_chase/share/ball_chase/config
[2.362s] symbolically linking /home/ubuntu/dev/BallChase/ros2_ball_chase_ws/build/ball_chase/config/hsv_config.yaml -> /home/ubuntu/dev/BallChase/ros2_ball_chase_ws/install/ball_chase/share/ball_chase/config
[2.363s] symbolically linking /home/ubuntu/dev/BallChase/ros2_ball_chase_ws/build/ball_chase/config/detection_config.yaml -> /home/ubuntu/dev/BallChase/ros2_ball_chase_ws/install/ball_chase/share/ball_chase/config
[2.363s] symbolically linking /home/ubuntu/dev/BallChase/ros2_ball_chase_ws/build/ball_chase/models/yolo12n_640.mnn -> /home/ubuntu/dev/BallChase/ros2_ball_chase_ws/install/ball_chase/share/ball_chase/models
[2.364s] symbolically linking /home/ubuntu/dev/BallChase/ros2_ball_chase_ws/build/ball_chase/models/yolo11n_320.mnn -> /home/ubuntu/dev/BallChase/ros2_ball_chase_ws/install/ball_chase/share/ball_chase/models
[2.366s] symbolically linking /home/ubuntu/dev/BallChase/ros2_ball_chase_ws/build/ball_chase/models/yolo12s_320.mnn -> /home/ubuntu/dev/BallChase/ros2_ball_chase_ws/install/ball_chase/share/ball_chase/models
[2.366s] symbolically linking /home/ubuntu/dev/BallChase/ros2_ball_chase_ws/build/ball_chase/models/yolo12n_320.mnn -> /home/ubuntu/dev/BallChase/ros2_ball_chase_ws/install/ball_chase/share/ball_chase/models
[2.478s] Invoked command in '/home/ubuntu/dev/BallChase/ros2_ball_chase_ws/build/ball_chase' returned '0': PYTHONPATH=/home/ubuntu/dev/BallChase/ros2_ball_chase_ws/build/ball_chase/prefix_override:/usr/lib/python3/dist-packages/colcon_core/task/python/colcon_distutils_commands:/home/ubuntu/dev/BallChase/ros2_ball_chase_ws/install/ball_chase/lib/python3.10/site-packages:${PYTHONPATH} /usr/bin/python3 -W ignore:setup.py install is deprecated -W ignore:easy_install command is deprecated setup.py develop --editable --build-directory /home/ubuntu/dev/BallChase/ros2_ball_chase_ws/build/ball_chase/build --no-deps symlink_data --force
